// Jest Snapshot v1, https://goo.gl/fbAQLP

exports[`UtxoHttpService healthy state /search should search by a single address 1`] = `Array []`;

exports[`UtxoHttpService healthy state /search should search by multiple addresses 1`] = `
Array [
  Array [
    Object {
      "address": "addr_test1qr4m502gr9hnaxac5mxjln22jwavf7pcjmh9sw7fujdvgvj9ef6afquphwg7tj4mmm548m3t50hxfyygjuu222kx96eshcathg",
      "index": 0,
      "txId": "8fd14baca91c674fafae59701b7dc0eda1266202ec8445bad3244bd8669a7fb5",
    },
    Object {
      "address": "addr_test1qr4m502gr9hnaxac5mxjln22jwavf7pcjmh9sw7fujdvgvj9ef6afquphwg7tj4mmm548m3t50hxfyygjuu222kx96eshcathg",
      "value": Object {
        "coins": Object {
          "__type": "bigint",
          "value": "999502622402",
        },
      },
    },
  ],
  Array [
    Object {
      "address": "addr_test1qz2fxv2umyhttkxyxp8x0dlpdt3k6cwng5pxj3jhsydzer3jcu5d8ps7zex2k2xt3uqxgjqnnj83ws8lhrn648jjxtwq2ytjqp",
      "index": 0,
      "txId": "a62624fdc47e8b774ddff11a9a56cae5fa9b072975af87bf0a0583fca0e345f4",
    },
    Object {
      "address": "addr_test1qz2fxv2umyhttkxyxp8x0dlpdt3k6cwng5pxj3jhsydzer3jcu5d8ps7zex2k2xt3uqxgjqnnj83ws8lhrn648jjxtwq2ytjqp",
      "value": Object {
        "coins": Object {
          "__type": "bigint",
          "value": "19717868703",
        },
      },
    },
  ],
  Array [
    Object {
      "address": "addr_test1qr4m502gr9hnaxac5mxjln22jwavf7pcjmh9sw7fujdvgvj9ef6afquphwg7tj4mmm548m3t50hxfyygjuu222kx96eshcathg",
      "index": 0,
      "txId": "3d4cd09885d39673125c3a15f8acb45d92fde137f9effe7a5131f6cc7241d960",
    },
    Object {
      "address": "addr_test1qr4m502gr9hnaxac5mxjln22jwavf7pcjmh9sw7fujdvgvj9ef6afquphwg7tj4mmm548m3t50hxfyygjuu222kx96eshcathg",
      "value": Object {
        "coins": Object {
          "__type": "bigint",
          "value": "10306556787917",
        },
      },
    },
  ],
  Array [
    Object {
      "address": "addr_test1qpcnmvyjmxmsm75f747u566gw7ewz4mesdw7yl278uf9r3f5l7d7dpx2ymfwlm3e56flupga8yamjr2kwdt7dw77ktyqqtx2r7",
      "index": 0,
      "txId": "19251f57476d7af2777252270413c01383d9503110a68b4fde1a239c119c4f5d",
    },
    Object {
      "address": "addr_test1qpcnmvyjmxmsm75f747u566gw7ewz4mesdw7yl278uf9r3f5l7d7dpx2ymfwlm3e56flupga8yamjr2kwdt7dw77ktyqqtx2r7",
      "value": Object {
        "coins": Object {
          "__type": "bigint",
          "value": "1497246388",
        },
      },
    },
  ],
]
`;

exports[`UtxoHttpService healthy state /search should successfully return utxos with multi assets 1`] = `
Array [
  Array [
    Object {
      "address": "addr_test1qretqkqqvc4dax3482tpjdazrfl8exey274m3mzch3dv8lu476aeq3kd8q8splpsswcfmv4y370e8r76rc8lnnhte49qqyjmtc",
      "index": 0,
      "txId": "573b137128145227be0f46da6408d8890ab265d238fc638f690950724eab0473",
    },
    Object {
      "address": "addr_test1qretqkqqvc4dax3482tpjdazrfl8exey274m3mzch3dv8lu476aeq3kd8q8splpsswcfmv4y370e8r76rc8lnnhte49qqyjmtc",
      "value": Object {
        "assets": Object {
          "__type": "Map",
          "value": Array [
            Array [
              "4eecf4013e2ab14ec8e500fafeafbdf2bd060254d76c9629a65b7f7054455354",
              Object {
                "__type": "bigint",
                "value": "1",
              },
            ],
            Array [
              "8615849a049172dcd729fc3185032b266ceeba4dc21a0e61e713ebf85445535432",
              Object {
                "__type": "bigint",
                "value": "1",
              },
            ],
          ],
        },
        "coins": Object {
          "__type": "bigint",
          "value": "2200000",
        },
      },
    },
  ],
  Array [
    Object {
      "address": "addr_test1qrcj98ukemwfuwc72ad95yydnx83qch6s7plr8rg44nxv53fumt3ljeck26752eajzyavd8my3cp8cx3x2c538lx7h5swm4j4n",
      "index": 1,
      "txId": "573b137128145227be0f46da6408d8890ab265d238fc638f690950724eab0473",
    },
    Object {
      "address": "addr_test1qrcj98ukemwfuwc72ad95yydnx83qch6s7plr8rg44nxv53fumt3ljeck26752eajzyavd8my3cp8cx3x2c538lx7h5swm4j4n",
      "value": Object {
        "assets": Object {
          "__type": "Map",
          "value": Array [
            Array [
              "4eecf4013e2ab14ec8e500fafeafbdf2bd060254d76c9629a65b7f7054455354",
              Object {
                "__type": "bigint",
                "value": "998762",
              },
            ],
            Array [
              "8615849a049172dcd729fc3185032b266ceeba4dc21a0e61e713ebf85445535432",
              Object {
                "__type": "bigint",
                "value": "998762",
              },
            ],
          ],
        },
        "coins": Object {
          "__type": "bigint",
          "value": "100233833966",
        },
      },
    },
  ],
]
`;
